// Jest Snapshot v1, https://goo.gl/fbAQLP

exports[`<FlowExecuteForm /> should render component 1`] = `
<form
  className="Form__Form-PASBS gSSxyJ"
  onSubmit={undefined}
>
  <label
    htmlFor="content"
  >
    <span
      className="Wrapper-dyuznp gAhBoi"
    >
      <label
        className="Label-ghyrbC KoSFt"
      >
        Content
      </label>
      <textarea
        autoComplete="off"
        className="StyledTextArea__TextArea-cqmHOB jGwssY"
        name="content"
        onBlur={[Function]}
        onChange={[Function]}
        onFocus={[Function]}
        rows={6}
        type="text"
        value={undefined}
      />
    </span>
  </label>
  <div
    className="SubmitButton__SubmitButton-iZeMNu fhFgOJ Wrapper__Wrapper-cZxMuO eDyakP"
  >
    <button
      className="StyledButton__StyledButton-iQSVZX hrAcih"
      disabled={true}
      onClick={undefined}
      type="submit"
    >
      <span>
        Run
      </span>
    </button>
  </div>
</form>
`;
